// Jest Snapshot v1, https://goo.gl/fbAQLP

exports[`checks rendering of Info component 1`] = `
<div
  className="vw-100 vh-100 primary-color d-flex align-items-center justify-content-center"
>
  <div
    className="jumbotron jumbotron-fluid bg-transparent"
  >
    <div
      className="container secondary-color"
    >
      <h1
        className="display-4"
      >
         Blog: Rails-React app
      </h1>
      <p
        className="lead"
      >
        created by Diego Gomez
      </p>
      <hr
        className="my-4"
      />
      <a
        className="btn btn-lg custom-button"
        href="https://github.com/degzcs/rails-react-blog"
        role="button"
        target="_blank"
      >
        Github Repo
      </a>
    </div>
  </div>
</div>
`;
