// Jest Snapshot v1, https://goo.gl/fbAQLP

exports[`checks rendering of UpdatePost component 1`] = `
<div
  className="container"
>
  <div
    className="py-5"
  >
    <main
      className="container-fluid"
    >
      <div
        className="row mt-5"
      >
        <ul
          className="nav justify-content-end"
        >
          <li
            className="nav-item"
          >
            <a
              className="btn btn-lg bg-light"
              href="/blog/new-post/"
              onClick={[Function]}
            >
              New Post
            </a>
          </li>
        </ul>
      </div>
      <div
        className="row posts mb-5"
      >
        <div>
          <p>
            Loading...
          </p>
        </div>
      </div>
    </main>
  </div>
</div>
`;
